/var/spool/slurmd/job130057/slurm_script: line 11: module: command not found
/storage/scratch/lmarrero-ext/laura_env/lib/python3.10/site-packages/torch/utils/data/dataloader.py:627: UserWarning: This DataLoader will create 4 worker processes in total. Our suggested max number of worker in current system is 1, which is smaller than what this DataLoader is going to create. Please be aware that excessive worker creation might get DataLoader running slow or even freeze, lower the worker number to avoid potential slowness/freeze if necessary.
  warnings.warn(
GPU available: True (cuda), used: True
TPU available: False, using: 0 TPU cores
/storage/scratch/lmarrero-ext/laura_env/lib/python3.10/site-packages/torch/cuda/__init__.py:283: UserWarning: 
    Found GPU0 Tesla P100-PCIE-12GB which is of cuda capability 6.0.
    Minimum and Maximum cuda capability supported by this version of PyTorch is
    (7.0) - (12.0)
    
  warnings.warn(
/storage/scratch/lmarrero-ext/laura_env/lib/python3.10/site-packages/torch/cuda/__init__.py:304: UserWarning: 
    Please install PyTorch with a following CUDA
    configurations:  12.6 following instructions at
    https://pytorch.org/get-started/locally/
    
  warnings.warn(matched_cuda_warn.format(matched_arches))
/storage/scratch/lmarrero-ext/laura_env/lib/python3.10/site-packages/torch/cuda/__init__.py:326: UserWarning: 
Tesla P100-PCIE-12GB with CUDA capability sm_60 is not compatible with the current PyTorch installation.
The current PyTorch install supports CUDA capabilities sm_70 sm_75 sm_80 sm_86 sm_90 sm_100 sm_120.
If you want to use the Tesla P100-PCIE-12GB GPU with PyTorch, please check the instructions at https://pytorch.org/get-started/locally/

  warnings.warn(
LOCAL_RANK: 0 - CUDA_VISIBLE_DEVICES: [0]
Traceback (most recent call last):
  File "/scratch/lmarrero-ext/ceers/progeintors/florah_trainining_SFR.py", line 165, in <module>
    trainer.fit(
  File "/storage/scratch/lmarrero-ext/laura_env/lib/python3.10/site-packages/pytorch_lightning/trainer/trainer.py", line 584, in fit
    call._call_and_handle_interrupt(
  File "/storage/scratch/lmarrero-ext/laura_env/lib/python3.10/site-packages/pytorch_lightning/trainer/call.py", line 49, in _call_and_handle_interrupt
    return trainer_fn(*args, **kwargs)
  File "/storage/scratch/lmarrero-ext/laura_env/lib/python3.10/site-packages/pytorch_lightning/trainer/trainer.py", line 630, in _fit_impl
    self._run(model, ckpt_path=ckpt_path, weights_only=weights_only)
  File "/storage/scratch/lmarrero-ext/laura_env/lib/python3.10/site-packages/pytorch_lightning/trainer/trainer.py", line 1053, in _run
    self.strategy.setup(self)
  File "/storage/scratch/lmarrero-ext/laura_env/lib/python3.10/site-packages/pytorch_lightning/strategies/strategy.py", line 155, in setup
    self.model_to_device()
  File "/storage/scratch/lmarrero-ext/laura_env/lib/python3.10/site-packages/pytorch_lightning/strategies/single_device.py", line 79, in model_to_device
    self.model.to(self.root_device)
  File "/storage/scratch/lmarrero-ext/laura_env/lib/python3.10/site-packages/lightning_fabric/utilities/device_dtype_mixin.py", line 59, in to
    return super().to(*args, **kwargs)
  File "/storage/scratch/lmarrero-ext/laura_env/lib/python3.10/site-packages/torch/nn/modules/module.py", line 1371, in to
    return self._apply(convert)
  File "/storage/scratch/lmarrero-ext/laura_env/lib/python3.10/site-packages/torch/nn/modules/module.py", line 930, in _apply
    module._apply(fn)
  File "/storage/scratch/lmarrero-ext/laura_env/lib/python3.10/site-packages/torch/nn/modules/module.py", line 930, in _apply
    module._apply(fn)
  File "/storage/scratch/lmarrero-ext/laura_env/lib/python3.10/site-packages/torch/nn/modules/module.py", line 930, in _apply
    module._apply(fn)
  File "/storage/scratch/lmarrero-ext/laura_env/lib/python3.10/site-packages/torch/nn/modules/rnn.py", line 291, in _apply
    self._init_flat_weights()
  File "/storage/scratch/lmarrero-ext/laura_env/lib/python3.10/site-packages/torch/nn/modules/rnn.py", line 215, in _init_flat_weights
    self.flatten_parameters()
  File "/storage/scratch/lmarrero-ext/laura_env/lib/python3.10/site-packages/torch/nn/modules/rnn.py", line 272, in flatten_parameters
    torch._cudnn_rnn_flatten_weight(
torch.AcceleratorError: CUDA error: no kernel image is available for execution on the device
Search for `cudaErrorNoKernelImageForDevice' in https://docs.nvidia.com/cuda/cuda-runtime-api/group__CUDART__TYPES.html for more information.
CUDA kernel errors might be asynchronously reported at some other API call, so the stacktrace below might be incorrect.
For debugging consider passing CUDA_LAUNCH_BLOCKING=1
Compile with `TORCH_USE_CUDA_DSA` to enable device-side assertions.

