ERROR: Unable to locate a modulefile for 'ml_py310'
ERROR: Unable to locate a modulefile for 'ml_py310'
Loading training data..
Training...
┏━━━┳━━━━━━━━━━━┳━━━━━━━━━━━━━━┳━━━━━━━━┳━━━━━━━┳━━━━━━━┓
┃   ┃ Name      ┃ Type         ┃ Params ┃ Mode  ┃ FLOPs ┃
┡━━━╇━━━━━━━━━━━╇━━━━━━━━━━━━━━╇━━━━━━━━╇━━━━━━━╇━━━━━━━┩
│ 0 │ model     │ RecurrentMAF │  554 K │ train │     0 │
│ 1 │ transform │ Preprocess   │      0 │ train │     0 │
└───┴───────────┴──────────────┴────────┴───────┴───────┘
Trainable params: 554 K                                                         
Non-trainable params: 0                                                         
Total params: 554 K                                                             
Total estimated model params size (MB): 2                                       
Modules in train mode: 86                                                       
Modules in eval mode: 0                                                         
Total FLOPs: 0                                                                  
#################~ JOB EFFICIENCY REPORT ~##################
# JobID:                   130070                          #
# Cluster:                 deimos                          #
# Cores:                   1                               #
# Wall-clock time:         4.99 hours                      #
# User-CPU utilized:       4.39 CPU-hours                  #
# User-CPU load:           87.9 %                          #
# System-CPU utilized:     0.58 CPU-hours                  #
# System-CPU load:         11.7 %                          #
# Memory utilized          8.59 GB                         #
# Memory efficiency        36.3 %                          #
#~~~~~~~~~~~~~~~~~~~~~~~~~~~~~~~~~~~~~~~~~~~~~~~~~~~~~~~~~~#
# If your job has low CPU Efficiency or you have doubts    #
# about setting up a job, do not hesitate and contact us:  #
#                    res_support@iac.es                    #
############################################################
